........................................................................ [  6%]
............................................................... [ 12%]
........................................................................ [ 19%]
.....s......................................s........................... [ 26%]
........................................................................ [ 33%]
........................................................................ [ 40%]
........................................................................ [ 47%]
........................................................................ [ 54%]
........................................................................ [ 61%]
........................................................................ [ 68%]
........................................................................ [ 75%]
........................................................................ [ 81%]
........................................................................ [ 88%]
........................................................................ [ 95%]
.............................................                            [100%]
============================== warnings summary ===============================
tests\test_markdown_js.py:171
  F:\Byong-hermes\Byong-hermes\my_creative_agent\tests\test_markdown_js.py:171: DeprecationWarning: invalid escape sequence '\s'
    """Streaming Markdown 空项目符号根因回归（TEST 1~7 的离线确定性部分）。

-- Docs: https://docs.pytest.org/en/stable/how-to/capture-warnings.html
1042 passed, 6 skipped, 1 warning, 9 subtests passed in 81.14s (0:01:21)
EXIT=0
